// Jest Snapshot v1, https://goo.gl/fbAQLP

exports[`Teams snapshot renders after receiving props and loading is set to false 1`] = `
<div
  className="p-2 pl-10 flex-grow max-h-full overflow-y-scroll flex-row min-h-screen"
>
  <div
    className="flex"
  >
    <div
      className="flex-auto"
    >
      <p
        className="text-4xl"
      >
         
        animal
      </p>
    </div>
    <div
      className="flex-auto flex text-center"
    >
      <form
        className="flex-1 self-center"
        onSubmit={[Function]}
      >
        <div
          className="inline-block relative w-20 rounded"
        >
          <select
            className="block leading-tight text-black mr-10 w-30 appearance-none py-1 px-2 pr-12 rounded"
            onChange={[Function]}
          >
            <option>
              2019
            </option>
            <option>
              2018
            </option>
            <option>
              2017
            </option>
            <option>
              2016
            </option>
            <option>
              2015
            </option>
            <option>
              2014
            </option>
            <option>
              2013
            </option>
            <option>
              2012
            </option>
            <option>
              2011
            </option>
            <option>
              2010
            </option>
            <option>
              2009
            </option>
            <option>
              2008
            </option>
            <option>
              2007
            </option>
            <option>
              2006
            </option>
            <option>
              2005
            </option>
            <option>
              2004
            </option>
            <option>
              2003
            </option>
            <option>
              2002
            </option>
            <option>
              2001
            </option>
            <option>
              2000
            </option>
          </select>
          <div
            className="pointer-events-none absolute inset-y-0 right-0 left-2 flex items-center text-gray-700"
          >
            <svg
              aria-hidden="true"
              className="svg-inline--fa fa-angle-down fa-w-10 "
              data-icon="angle-down"
              data-prefix="fas"
              focusable="false"
              role="img"
              style={Object {}}
              viewBox="0 0 320 512"
              xmlns="http://www.w3.org/2000/svg"
            >
              <path
                d="M143 352.3L7 216.3c-9.4-9.4-9.4-24.6 0-33.9l22.6-22.6c9.4-9.4 24.6-9.4 33.9 0l96.4 96.4 96.4-96.4c9.4-9.4 24.6-9.4 33.9 0l22.6 22.6c9.4 9.4 9.4 24.6 0 33.9l-136 136c-9.2 9.4-24.4 9.4-33.8 0z"
                fill="currentColor"
                style={Object {}}
              />
            </svg>
          </div>
        </div>
      </form>
      <div
        className="flex-1 text-2xl self-center"
      />
      <div
        className="flex-1 text-2xl self-center"
      />
      <div
        className="flex-1 text-2xl self-center"
      >
        11-11
      </div>
    </div>
  </div>
  <div
    className="flex flex-wrap flex-col md:flex-row"
  >
    <div
      className="bg-gray-700 rounded border-black h-64 w-full sm:flex-1 md:flex-1/3 m-2 shadow-lg"
    >
      PPALineChart
    </div>
    <div
      className="bg-gray-700 rounded border-black h-64 w-full sm:flex-1 md:flex-1/3 m-2 shadow-lg"
    >
      BCRPieChart
    </div>
  </div>
  <div
    className="bg-gray-700 rounded m-2"
  >
    RecruitsTable
  </div>
</div>
`;

exports[`Teams snapshot renders loading state when loading props is true 1`] = `
<div
  className="p-2 pl-10 flex-grow max-h-full overflow-y-scroll flex-row min-h-screen"
>
  <div
    className="flex"
  >
    <div
      className="flex-auto"
    >
      <p
        className="text-4xl"
      >
         
        animal
      </p>
    </div>
    <div
      className="flex-auto flex text-center"
    >
      <form
        className="flex-1 self-center"
        onSubmit={[Function]}
      >
        <div
          className="inline-block relative w-20 rounded"
        >
          <select
            className="block leading-tight text-black mr-10 w-30 appearance-none py-1 px-2 pr-12 rounded"
            onChange={[Function]}
          >
            <option>
              2019
            </option>
            <option>
              2018
            </option>
            <option>
              2017
            </option>
            <option>
              2016
            </option>
            <option>
              2015
            </option>
            <option>
              2014
            </option>
            <option>
              2013
            </option>
            <option>
              2012
            </option>
            <option>
              2011
            </option>
            <option>
              2010
            </option>
            <option>
              2009
            </option>
            <option>
              2008
            </option>
            <option>
              2007
            </option>
            <option>
              2006
            </option>
            <option>
              2005
            </option>
            <option>
              2004
            </option>
            <option>
              2003
            </option>
            <option>
              2002
            </option>
            <option>
              2001
            </option>
            <option>
              2000
            </option>
          </select>
          <div
            className="pointer-events-none absolute inset-y-0 right-0 left-2 flex items-center text-gray-700"
          >
            <svg
              aria-hidden="true"
              className="svg-inline--fa fa-angle-down fa-w-10 "
              data-icon="angle-down"
              data-prefix="fas"
              focusable="false"
              role="img"
              style={Object {}}
              viewBox="0 0 320 512"
              xmlns="http://www.w3.org/2000/svg"
            >
              <path
                d="M143 352.3L7 216.3c-9.4-9.4-9.4-24.6 0-33.9l22.6-22.6c9.4-9.4 24.6-9.4 33.9 0l96.4 96.4 96.4-96.4c9.4-9.4 24.6-9.4 33.9 0l22.6 22.6c9.4 9.4 9.4 24.6 0 33.9l-136 136c-9.2 9.4-24.4 9.4-33.8 0z"
                fill="currentColor"
                style={Object {}}
              />
            </svg>
          </div>
        </div>
      </form>
      <div
        className="flex-1 text-2xl self-center"
      />
      <div
        className="flex-1 text-2xl self-center"
      />
      <div
        className="flex-1 text-2xl self-center"
      >
        11-11
      </div>
    </div>
  </div>
  <div
    className="flex flex-wrap flex-col md:flex-row"
  >
    <div
      className="bg-gray-700 rounded border-black h-64 w-full sm:flex-1 md:flex-1/3 m-2 shadow-lg"
    >
      PPALineChart
    </div>
    <div
      className="bg-gray-700 rounded border-black h-64 w-full sm:flex-1 md:flex-1/3 m-2 shadow-lg"
    >
      BCRPieChart
    </div>
  </div>
  <div
    className="bg-gray-700 rounded m-2"
  >
    RecruitsTable
  </div>
</div>
`;
